../Core/Src/main.c:474:5:main	56	static
../Core/Src/main.c:614:6:SystemClock_Config	88	static
../Core/Src/main.c:663:13:MX_IWDG_Init	8	static
../Core/Src/main.c:691:13:MX_RTC_Init	32	static
../Core/Src/main.c:754:13:MX_USART1_UART_Init	8	static
../Core/Src/main.c:787:13:MX_USART6_UART_Init	8	static
../Core/Src/main.c:818:13:MX_DMA_Init	16	static
../Core/Src/main.c:836:13:MX_GPIO_Init	48	static
../Core/Src/main.c:894:6:StartReadRS485	72	static
../Core/Src/main.c:982:6:StartControlPIDTemp	48	static
../Core/Src/main.c:1032:6:StartControlPIDHum	48	static
../Core/Src/main.c:1092:6:StartExchangeATCommand	80	static
../Core/Src/main.c:1117:6:StartWebInterface	2944	static
../Core/Src/main.c:1261:13:RS485_EnableTX	8	static
../Core/Src/main.c:1271:13:RS485_EnableRX	8	static
../Core/Src/main.c:1281:17:Modbus_CRC16	24	static
../Core/Src/main.c:1308:13:Send_Modbus_Request	32	static
../Core/Src/main.c:1326:16:Parse_Modbus_Response	32	static
../Core/Src/main.c:1360:13:Update_History	40	static
../Core/Src/main.c:1382:13:Update_LEDs	16	static
../Core/Src/main.c:1406:13:Process_Web_Command	24	static
../Core/Src/main.c:1452:13:Send_AT_Command	16	static
../Core/Src/main.c:1460:16:Wait_AT_Response	24	static
../Core/Src/main.c:1490:13:ESP_Init	16	static
../Core/Src/main.c:1583:13:Generate_HTML_Page	2408	static
../Core/Src/main.c:1638:13:Generate_JSON_Data	424	static
../Core/Src/main.c:1672:13:Generate_History_HTML	728	static
../Core/Src/main.c:1705:13:Check_WiFi_Status	16	static
../Core/Src/main.c:1725:6:HAL_UART_RxCpltCallback	16	static
../Core/Src/main.c:1737:6:HAL_UART_TxCpltCallback	16	static
../Core/Src/main.c:1754:6:HAL_TIM_PeriodElapsedCallback	16	static
../Core/Src/main.c:1772:6:Error_Handler	4	static,ignoring_inline_asm
